==============================================================================
9U2SAur93KE  God's commandments will change your life forever #bible
  duration: 41s
  one_sentence_answer: Deuteronomy 6:1-3 commands Israel to keep the statutes and judgments of the Lord so that their days are prolonged and they increase mightily in the land flowing with milk and honey.
  new_desc length: 2138

--- NEW DESCRIPTION ---
— ANSWER —
Deuteronomy 6:1-3 commands Israel to keep the statutes and judgments of the Lord so that their days are prolonged and they increase mightily in the land flowing with milk and honey.

AI Bible Gospels reads Deuteronomy 6:1-3 in KJV — the charge to fear the Lord, keep His commandments through son and son's son, and observe to do them. The promise attached is concrete: prolonged days, multiplied increase, and inheritance of the land flowing with milk and honey.

— Q&A —
Q: What does Deuteronomy 6:1-3 say about keeping God's commandments?
A: It commands Israel to fear the Lord and keep His statutes through every generation, promising that their days will be prolonged and they will increase mightily in the land flowing with milk and honey.

Q: Why does the Bible say obedience to God's commandments leads to long life?
A: Deuteronomy 6:2 ties commandment-keeping directly to longevity: 'that thy days may be prolonged.' Obedience to the covenant carries a generational promise — for the hearer, his son, and his son's son.

https://youtu.be/mAJS97kNC5E
This video presents the commandments, statutes, and judgments given by the Lord, emphasizing their importance for longevity and prosperity. It highlights the role of Moses in transmitting these teachings, ensuring they are observed through generations. This is a vital part of the old testament and a cornerstone of christianity.

— Q&A —
Q: Who made this video?
A: AI Bible Gospels, a faith-tech project by Tommy Lee using AI to bring Scripture to life from a cultural perspective.

— ABOUT AI BIBLE GOSPELS —
AI Bible Gospels (@AIBIBLEGOSPELS) is a faith-tech brand founded by Tommy Lee that uses AI to narrate Scripture word-for-word from a cultural perspective underrepresented in biblical media. Flagship project: Faith Walk Live, the live tracker for Minister Zay's 3,000-mile walk from Philadelphia to California.

Website: https://aibiblegospels.com
Faith Walk Live: https://faithwalklive.com
YouTube: https://www.youtube.com/@AIBIBLEGOSPELS
LinkedIn: https://www.linkedin.com/in/ai-bible-gospels-049005353/
Contact: aibiblegospels444@gmail.com

#AIBibleGospels

==============================================================================
XOAgFc78mJQ  How God Blessed Israel With Everything They Needed #Gos
  duration: 35s
  one_sentence_answer: Deuteronomy 6:10-12 records that the Lord brought Israel into a land of great cities, houses, wells, vineyards, and olive trees they did not build or plant — and warned them not to forget Him.
  new_desc length: 2229

--- NEW DESCRIPTION ---
— ANSWER —
Deuteronomy 6:10-12 records that the Lord brought Israel into a land of great cities, houses, wells, vineyards, and olive trees they did not build or plant — and warned them not to forget Him.

AI Bible Gospels reads Deuteronomy 6:10-12 in KJV: the Most High swore to Abraham, Isaac, and Jacob to give Israel cities they built not, houses filled with goods they filled not, wells they dug not, and vineyards and olive trees they planted not. The warning attached is direct — when full, beware lest thou forget the Lord who brought thee out of Egypt.

— Q&A —
Q: What did God promise to give Israel in Deuteronomy 6?
A: Deuteronomy 6:10-11 says the Lord would bring Israel into the land sworn to Abraham, Isaac, and Jacob — great cities they did not build, houses full of good things they did not fill, wells they did not dig, and vineyards and olive trees they did not plant.

Q: Why does Deuteronomy 6:12 warn Israel not to forget God?
A: Because abundance breeds forgetfulness. Once Israel ate and was full in a land they did not build, the danger was forgetting the Lord who brought them out of Egypt, from the house of bondage.

https://youtu.be/mAJS97kNC5E
This video explores the concept of inheritance as described in the bible, focusing on the divine promises made regarding a promised land. It highlights the blessings received and the importance of remembering these divine gifts. Join us as we examine this scripture and reflect on its message of faith and obedience.

— Q&A —
Q: Who made this video?
A: AI Bible Gospels, a faith-tech project by Tommy Lee using AI to bring Scripture to life from a cultural perspective.

— ABOUT AI BIBLE GOSPELS —
AI Bible Gospels (@AIBIBLEGOSPELS) is a faith-tech brand founded by Tommy Lee that uses AI to narrate Scripture word-for-word from a cultural perspective underrepresented in biblical media. Flagship project: Faith Walk Live, the live tracker for Minister Zay's 3,000-mile walk from Philadelphia to California.

Website: https://aibiblegospels.com
Faith Walk Live: https://faithwalklive.com
YouTube: https://www.youtube.com/@AIBIBLEGOSPELS
LinkedIn: https://www.linkedin.com/in/ai-bible-gospels-049005353/
Contact: aibiblegospels444@gmail.com

#AIBibleGospels

==============================================================================
xO5bu0thY28  Deuteronomy 6 | Hear O Israel – The Shema & Greatest Co
  duration: 299s
  one_sentence_answer: Deuteronomy 6 contains the Shema — 'Hear, O Israel: The LORD our God is one LORD' — and the greatest commandment to love God with all heart, soul, and might.
  new_desc length: 3755

--- NEW DESCRIPTION ---
— ANSWER —
Deuteronomy 6 contains the Shema — 'Hear, O Israel: The LORD our God is one LORD' — and the greatest commandment to love God with all heart, soul, and might.

AI Bible Gospels reads Deuteronomy 6 in KJV verbatim, the chapter where Moses delivers the Shema in verse 4 and the greatest commandment in verse 5. The chapter charges Israel to teach the commandments diligently to their children, bind them as frontlets, and write them on the posts of their houses. It closes with the warning not to forget the LORD who brought them out of Egypt.

— TIMESTAMPS —
0:00 The commandments, statutes, and judgments (verses 1-3)
1:05 The Shema — Hear, O Israel (verses 4-5)
1:45 Teach them diligently to thy children (verses 6-9)
2:40 Beware lest thou forget the LORD (verses 10-15)
4:00 When thy son asks — the Egypt deliverance answer (verses 20-25)

— Q&A —
Q: What is the Shema in Deuteronomy 6:4?
A: Deuteronomy 6:4 KJV: 'Hear, O Israel: The LORD our God is one LORD.' It is the foundational declaration of monotheism in the Hebrew scriptures and the opening line of the Shema prayer.

Q: What is the greatest commandment in the Bible?
A: Deuteronomy 6:5 KJV: 'And thou shalt love the LORD thy God with all thine heart, and with all thy soul, and with all thy might.' Christ later cites this verse as the first and great commandment.

Q: Why does Deuteronomy 6 command Israel to teach the commandments to their children?
A: Verses 6-9 instruct Israel to bind the commandments on their hand, place them as frontlets between their eyes, and write them on the posts of their houses — so the covenant is carried by every generation, not lost in prosperity.

Deuteronomy Chapter 6 contains one of the most important declarations in all of scripture — the Shema.

“Hear, O Israel: The LORD our God is one LORD.”
In this chapter, Moses commands Israel to love the LORD with all their heart, soul, and might, and to teach these commandments diligently to their children.
Deuteronomy 6 establishes covenant identity, obedience, and generational responsibility.
This narration presents the chapter in the King James Version, preserving the authority and reverence of the text.

 📖 The Shema
 📖 Love the LORD with all your heart
 📖 Teach your children diligently
 📖 Remember the covenant


#Deuteronomy 6
#Hear O Israel
#The Shema
#Deuteronomy 6 KJV
#Love the Lord your God
#Teach your children Bible
#Greatest commandment Old Testament
#Moses commands Israel
#Deuteronomy chapter 6 King James Version
#Hear O Israel the Lord our God is one Lord
#Shema Bible explanation
#Love the Lord with all your heart scripture
#Deuteronomy6
#HearOIsrael
#Shema
#KJV
#BibleStudy
#Torah
#ScriptureNarration
#LoveTheLord
In this video, we explore a religious figure addressing a congregation in a desert setting, speaking of a promised land. The narrative touches on themes of wandering and the leader's command to "go in and possess," reflecting a journey of faith. It's a powerful look into biblical teachings within a church context.

— Q&A —
Q: Who made this video?
A: AI Bible Gospels, a faith-tech project by Tommy Lee using AI to bring Scripture to life from a cultural perspective.

— ABOUT AI BIBLE GOSPELS —
AI Bible Gospels (@AIBIBLEGOSPELS) is a faith-tech brand founded by Tommy Lee that uses AI to narrate Scripture word-for-word from a cultural perspective underrepresented in biblical media. Flagship project: Faith Walk Live, the live tracker for Minister Zay's 3,000-mile walk from Philadelphia to California.

Website: https://aibiblegospels.com
Faith Walk Live: https://faithwalklive.com
YouTube: https://www.youtube.com/@AIBIBLEGOSPELS
LinkedIn: https://www.linkedin.com/in/ai-bible-gospels-049005353/
Contact: aibiblegospels444@gmail.com

#AIBibleGospels

==============================================================================
ODXWf2EagfQ  The Forgotten Prayer of King Manasses (Apocrypha Script
  duration: 236s
  one_sentence_answer: The Prayer of Manasseh is a 15-verse penitential prayer attributed to King Manasseh of Judah during his Babylonian captivity, preserved in the Apocrypha as a model of repentance.
  new_desc length: 3589

--- NEW DESCRIPTION ---
— ANSWER —
The Prayer of Manasseh is a 15-verse penitential prayer attributed to King Manasseh of Judah during his Babylonian captivity, preserved in the Apocrypha as a model of repentance.

AI Bible Gospels reads the Prayer of Manasseh in full — the apocryphal prayer of the King of Judah held captive in Babylon, recorded after the events of 2 Chronicles 33:11-13. The text confesses sin, appeals to the God of Abraham, Isaac, and Jacob, and pleads for the repentance promised to sinners. It is a forgotten penitential prayer that survived in the Septuagint and the 1611 KJV Apocrypha.

— TIMESTAMPS —
0:00 The prayer of Manasses, King of Judah
0:35 God of Abraham, Isaac, and Jacob — appeal to mercy
1:30 Confession — sins above the sands of the sea
2:25 Bowing the knee of the heart
3:15 Closing praise — glory forever

— Q&A —
Q: What is the Prayer of Manasseh in the Apocrypha?
A: It is the penitential prayer of King Manasseh of Judah while held captive in Babylon, confessing sin and appealing to the God of Abraham, Isaac, and Jacob for the repentance promised to sinners. It survives in the Septuagint and the 1611 KJV Apocrypha.

Q: Why was the Prayer of Manasseh removed from most modern Bibles?
A: It was part of the 1611 KJV Apocrypha but was later separated from Protestant canons in the 19th century. It remains in Orthodox and some Catholic Bibles as a deuterocanonical text.

Q: Where in the Bible is King Manasseh's repentance recorded?
A: 2 Chronicles 33:11-13 records that Manasseh was bound in fetters and carried to Babylon, where he humbled himself greatly and prayed — and the Lord brought him back to Jerusalem. The Prayer of Manasseh is the prayer tradition assigns to that moment.

The Prayer of Manasses, King of Judah, is one of the most powerful prayers of repentance found in the Biblical Apocrypha.

 Spoken while King Manasses was held captive in Babylon, this prayer reveals humility, confession of sin, and trust in the mercy of the Most High God.

 In this narration, the prayer is presented in a King James–style format, carefully prepared for clear narration while preserving the reverence and cadence of ancient scripture.

 This prayer is traditionally associated with repentance, restoration, and the mercy of God toward those who humble themselves before Him.

📜 From the Apocrypha
🎧 Narration-ready scripture
🙏 A prayer for repentance, forgiveness, and mercy
“For thou art the God, even the God of them that repent.”

Listen prayerfully, and may this ancient prayer strengthen your faith.

#PrayerofManasses
#KingManasses prayer
#Apocryphaprayers
#Biblicalrepentanceprayer


#BibleApocryphaaudio
#AncientHebrewprayer
#KingJamesstyleprayer
#prayerofrepentance 
#Babyloncaptivityprayer


#PrayerofManassesKingofJudah
#Apocryphaprayernarration
#PowerfulprayerofrepentanceBible
#Forgotten prayers of the Bible

— Q&A —
Q: Who made this video?
A: AI Bible Gospels, a faith-tech project by Tommy Lee using AI to bring Scripture to life from a cultural perspective.

— ABOUT AI BIBLE GOSPELS —
AI Bible Gospels (@AIBIBLEGOSPELS) is a faith-tech brand founded by Tommy Lee that uses AI to narrate Scripture word-for-word from a cultural perspective underrepresented in biblical media. Flagship project: Faith Walk Live, the live tracker for Minister Zay's 3,000-mile walk from Philadelphia to California.

Website: https://aibiblegospels.com
Faith Walk Live: https://faithwalklive.com
YouTube: https://www.youtube.com/@AIBIBLEGOSPELS
LinkedIn: https://www.linkedin.com/in/ai-bible-gospels-049005353/
Contact: aibiblegospels444@gmail.com

#AIBibleGospels

==============================================================================
UVRG401MP0M  The Prayer of Azariah (Powerful Prayer in the Fiery Fur
  duration: 639s
  one_sentence_answer: The Prayer of Azariah is a Septuagint addition to Daniel 3 in which Azariah, standing in Nebuchadnezzar's furnace, confesses Israel's sins, pleads God's covenant with Abraham, and joins Hananiah and Mishael in the Song of the Three.
  new_desc length: 3693

--- NEW DESCRIPTION ---
— ANSWER —
The Prayer of Azariah is a Septuagint addition to Daniel 3 in which Azariah, standing in Nebuchadnezzar's furnace, confesses Israel's sins, pleads God's covenant with Abraham, and joins Hananiah and Mishael in the Song of the Three.

AI Bible Gospels reads the full Prayer of Azariah as preserved in the King James Apocrypha — Azariah's confession from inside the fiery furnace, the angel of the Lord descending to make the flame 'as a moist whistling wind,' and the three Hebrews calling all creation to bless the Lord. The text supplements Daniel 3 and was canonical in the 1611 KJV before later Protestant editions removed the Apocrypha.

— TIMESTAMPS —
0:00 Azariah stands and prays in the midst of the fire
1:30 Confession of sin and appeal to the covenant with Abraham
4:15 The angel of the Lord cools the furnace to a moist whistling wind
5:30 The Song of the Three — all creation, bless ye the Lord
9:30 Deliverance from hell, death, and the burning flame

— Q&A —
Q: What is the Prayer of Azariah in the Bible?
A: It is a prayer spoken by Azariah (Abednego) from inside Nebuchadnezzar's fiery furnace, preserved in the Septuagint and the 1611 KJV Apocrypha as an addition to Daniel 3. It contains a confession of Israel's sin, an appeal to the Abrahamic covenant, and the Song of the Three Holy Children.

Q: Why is the Prayer of Azariah not in most modern Bibles?
A: It sits in the Apocrypha — included in the 1611 King James Version but removed from most Protestant editions after 1885. Catholic and Orthodox Bibles still preserve it as Daniel 3:24-90.

Q: What happens after Azariah finishes praying in the furnace?
A: The angel of the Lord descends into the oven and smites the flame, making the midst of the furnace 'as a moist whistling wind' so the fire does not touch them. The three then sing the Song of the Three, calling every work of creation to bless the Lord.

The Prayer of Azariah is a powerful prayer found in the Biblical Apocrypha, spoken while Azariah stood in the midst of the fiery furnace.

This prayer is a confession of sin, a declaration of God’s righteousness, and a plea for mercy—spoken not in comfort, but in the fire.

Traditionally associated with the story of the three Hebrews in Babylon, the Prayer of Azariah reminds us that faith, repentance, and praise do not cease in times of trial.



🔥 A prayer spoken in affliction
📜 From the Apocrypha
🙏 A call to repentance, humility, and praise

“Put us not to shame, but deal with us after thy loving kindness.”

The Prayer of Azariah is an ancient prayer found in the Apocrypha. It was spoken by Azariah while he stood in the fiery furnace, condemned for refusing to worship idols.

Surrounded by flames, he did not cry out in anger, but humbled himself before the Most High, confessing the sins of his people and praising God’s righteousness.

#PrayerOfAzariah
#Apocrypha
#FieryFurnace
#BiblicalPrayer
#AncientScripture
#PrayerOfFaith
#HebrewHeritage

— Q&A —
Q: Who made this video?
A: AI Bible Gospels, a faith-tech project by Tommy Lee using AI to bring Scripture to life from a cultural perspective.

— ABOUT AI BIBLE GOSPELS —
AI Bible Gospels (@AIBIBLEGOSPELS) is a faith-tech brand founded by Tommy Lee that uses AI to narrate Scripture word-for-word from a cultural perspective underrepresented in biblical media. Flagship project: Faith Walk Live, the live tracker for Minister Zay's 3,000-mile walk from Philadelphia to California.

Website: https://aibiblegospels.com
Faith Walk Live: https://faithwalklive.com
YouTube: https://www.youtube.com/@AIBIBLEGOSPELS
LinkedIn: https://www.linkedin.com/in/ai-bible-gospels-049005353/
Contact: aibiblegospels444@gmail.com

#AIBibleGospels

==============================================================================
xDlYp2yQIx8  The Prayer of Manasses, King of Judah (Powerful Repenta
  duration: 251s
  one_sentence_answer: The Prayer of Manasses is a short apocryphal repentance prayer attributed to King Manasseh of Judah while held captive in Babylon, confessing iniquity and pleading for mercy from the God of Abraham, Isaac, and Jacob.
  new_desc length: 3252

--- NEW DESCRIPTION ---
— ANSWER —
The Prayer of Manasses is a short apocryphal repentance prayer attributed to King Manasseh of Judah while held captive in Babylon, confessing iniquity and pleading for mercy from the God of Abraham, Isaac, and Jacob.

AI Bible Gospels reads the Prayer of Manasses in full from the KJV Apocrypha — the penitent cry of Judah's king after his captivity in Babylon, recorded in 2 Chronicles 33:11-13. Manasses confesses sins above the number of the sands of the sea, bows the knee of his heart, and appeals to the God who appointed repentance unto sinners that they may be saved.

— TIMESTAMPS —
0:00 Opening — Manasses, king of Judah, held captive in Babylon
0:35 Invocation — God of Abraham, Isaac, and Jacob
1:30 Confession — sins above the sands of the sea
2:45 I bow the knee of mine heart
3:50 Closing praise — thine is the glory forever

— Q&A —
Q: What is the Prayer of Manasses in the Apocrypha?
A: A short penitential prayer attributed to King Manasseh of Judah during his captivity in Babylon, confessing sin and pleading for mercy. It appears in the KJV Apocrypha and reflects the events of 2 Chronicles 33:11-13.

Q: Why was Manasses king of Judah taken captive to Babylon?
A: Per 2 Chronicles 33, Manasses set up abominations, multiplied offenses, and provoked the wrath of the Most High. He was bound with fetters and carried to Babylon, where he humbled himself and prayed this prayer of repentance.

Q: Is the Prayer of Manasses in the King James Bible?
A: Yes. It is included in the original 1611 KJV Apocrypha, positioned between the Old and New Testaments. Most modern Protestant printings omit the Apocrypha, but the prayer remains part of the historic KJV canon.

The Prayer of Manasses, King of Judah, is one of the most powerful prayers of repentance found in the Biblical Apocrypha.

Spoken while King Manasses was held captive in Babylon, this prayer reveals humility, confession of sin, and trust in the mercy of the Most High God.

In this narration, the prayer is presented in a King James–style format, carefully prepared for clear narration while preserving the reverence and cadence of ancient scripture.

 This prayer is traditionally associated with repentance, restoration, and the mercy of God toward those who humble themselves before Him.

📜 From the Apocrypha
🎧 Narration-ready scripture
🙏 A prayer for repentance, forgiveness, and mercy
“For thou art the God, even the God of them that repent.”
Listen prayerfully, and may this ancient prayer strengthen your faith.

— Q&A —
Q: Who made this video?
A: AI Bible Gospels, a faith-tech project by Tommy Lee using AI to bring Scripture to life from a cultural perspective.

— ABOUT AI BIBLE GOSPELS —
AI Bible Gospels (@AIBIBLEGOSPELS) is a faith-tech brand founded by Tommy Lee that uses AI to narrate Scripture word-for-word from a cultural perspective underrepresented in biblical media. Flagship project: Faith Walk Live, the live tracker for Minister Zay's 3,000-mile walk from Philadelphia to California.

Website: https://aibiblegospels.com
Faith Walk Live: https://faithwalklive.com
YouTube: https://www.youtube.com/@AIBIBLEGOSPELS
LinkedIn: https://www.linkedin.com/in/ai-bible-gospels-049005353/
Contact: aibiblegospels444@gmail.com

#AIBibleGospels

==============================================================================
Ze1fd58FxNo  God's Plan Shifting Behind the Scenes #intheplan #faith
  duration: 85s
  one_sentence_answer: Isaiah 43:18 calls believers to release the past and walk forward in faith, trusting that God is working behind the scenes — aligning circumstances, opening doors, and preparing a future of hope.
  new_desc length: 1803

--- NEW DESCRIPTION ---
— ANSWER —
Isaiah 43:18 calls believers to release the past and walk forward in faith, trusting that God is working behind the scenes — aligning circumstances, opening doors, and preparing a future of hope.

AI Bible Gospels opens with Isaiah 43:18 — 'Forget the former things; do not dwell on the past' — and frames present struggle as preparation, not punishment. The trials shape character, the timing belongs to God, and the unseen work behind the scenes is already lining the next door up.

— Q&A —
Q: What does Isaiah 43:18 mean about forgetting the former things?
A: Isaiah 43:18 instructs believers to release the past and refuse to dwell there. The verse points forward — God is doing a new thing, and clinging to former failures or seasons blocks the new work he's preparing.

Q: How do you trust God when his plan doesn't make sense?
A: Keep walking one step at a time even without seeing the full path. God works behind the scenes — shifting pieces, opening doors, aligning timing — and his perspective covers the future you can't yet see.

#intheplan

— Q&A —
Q: Who made this video?
A: AI Bible Gospels, a faith-tech project by Tommy Lee using AI to bring Scripture to life from a cultural perspective.

— ABOUT AI BIBLE GOSPELS —
AI Bible Gospels (@AIBIBLEGOSPELS) is a faith-tech brand founded by Tommy Lee that uses AI to narrate Scripture word-for-word from a cultural perspective underrepresented in biblical media. Flagship project: Faith Walk Live, the live tracker for Minister Zay's 3,000-mile walk from Philadelphia to California.

Website: https://aibiblegospels.com
Faith Walk Live: https://faithwalklive.com
YouTube: https://www.youtube.com/@AIBIBLEGOSPELS
LinkedIn: https://www.linkedin.com/in/ai-bible-gospels-049005353/
Contact: aibiblegospels444@gmail.com

#AIBibleGospels

==============================================================================
qUNz7fKwtMo  Why Black Nobility Matters in These Last Days
  duration: 184s
  one_sentence_answer: Black nobility matters in the last days because Edomite and Germanic lines supplanted Judah's thrones after Rome's resurgence, fulfilling Moses' eagle warning in Deuteronomy 28:49 and Obadiah's vision against Edom.
  new_desc length: 3744

--- NEW DESCRIPTION ---
— ANSWER —
Black nobility matters in the last days because Edomite and Germanic lines supplanted Judah's thrones after Rome's resurgence, fulfilling Moses' eagle warning in Deuteronomy 28:49 and Obadiah's vision against Edom.

AI Bible Gospels examines how King James preserved scripture against Rome's encroachment, identified the papacy as the man of sin in 2 Thessalonians 2:3, and warned of palpable clouds of confusion enveloping the land. His dedication declared intent to dispel darkness and guide Zion toward light, even as Edomite dynasties replaced Judah's bloodline on European thrones. The smear campaigns against him were strategic distractions, not righteous corrections.

— TIMESTAMPS —
0:00 The eagle of empire — Deuteronomy 28:49 and Obadiah
0:35 How Edomite lines supplanted black nobility
1:15 James's dedication and the stripped prologue
2:00 Rome's smear strategy and the papacy as antichrist
2:45 Amalek on Judah's throne — the choice before listeners

— Q&A —
Q: Why does King James matter to Hebrew Israelite identity?
A: King James preserved an uncorrupted scripture for the awakening seed of Israel, identified the papacy as the man of sin in 2 Thessalonians 2:3, and forfeited his dynasty defending the text. His prologue was later stripped from modern Bibles.

Q: Who replaced the black nobility on European thrones?
A: Edomite and Germanic lines — descendants of Amalek per the teaching — supplanted Judah's nobility after Rome's return to power. The families ruling Britain today are heirs of Edom, not Judah.

Q: What does Deuteronomy 28:49 say about the eagle nation?
A: Moses warned that a nation swift as the eagle would descend on Israel as a covenant curse. Rome, symbolized by the eagle, fulfilled that prophecy, and the eagle flags of empire still proclaim that identity.

📖 Welcome to **AI Bible Gospels** — where ancient truth meets modern tech!

In this video, we use advanced AI narration to bring you powerful, KJV-based biblical insight, prophecy, and gospel messages — designed to uplift, awaken, and edify the body of Israel and all seeking truth in these last days.

🕊️ Scripture Source: King James Version 1611 (with Apocrypha)  
🎙️ Narration and  guided by Ruach wisdom.

➤ Watch. Reflect. Share the Gospel.

📥 FREE Kingdom eBook: *“Unlocking Kingdom Credit: Building Righteous Wealth”*  

📲 Want personalized Kingdom guidance?  
Visit: https://theprosperitypathai.com/

🕎 Stay in the Word. Stay woke. Stay fruitful.

📌 Like, Share & Subscribe for more Wealth & Gospel teachings weekly.  
🔔 Hit the bell so you never miss a revelation.

#BibleProphecy #AIBibleGospels #12Tribes #EndTimes #KingdomWealth #KJVBible #TruthRevealed #IsraeliteAwakening
📖 Welcome to **AI Bible Gospels** — where ancient truth meets modern tech! This video explores the intersection of **bible** teachings and **black history**, revealing **spiritual** insights through the **eagle totem** and other **mythology**. Gain **bible facts** and a deeper understanding of **history**.

— Q&A —
Q: Who made this video?
A: AI Bible Gospels, a faith-tech project by Tommy Lee using AI to bring Scripture to life from a cultural perspective.

— ABOUT AI BIBLE GOSPELS —
AI Bible Gospels (@AIBIBLEGOSPELS) is a faith-tech brand founded by Tommy Lee that uses AI to narrate Scripture word-for-word from a cultural perspective underrepresented in biblical media. Flagship project: Faith Walk Live, the live tracker for Minister Zay's 3,000-mile walk from Philadelphia to California.

Website: https://aibiblegospels.com
Faith Walk Live: https://faithwalklive.com
YouTube: https://www.youtube.com/@AIBIBLEGOSPELS
LinkedIn: https://www.linkedin.com/in/ai-bible-gospels-049005353/
Contact: aibiblegospels444@gmail.com

#AIBibleGospels

==============================================================================
izvPfu1UjkM  The KJV 1611 Truth Nobody's Talking About
  duration: 289s
  one_sentence_answer: The 1611 King James Bible was translated under King James VI/I, a Black African-descended monarch who included the 14 books of the Apocrypha as canonical and branded the pope as antichrist.
  new_desc length: 4133

--- NEW DESCRIPTION ---
— ANSWER —
The 1611 King James Bible was translated under King James VI/I, a Black African-descended monarch who included the 14 books of the Apocrypha as canonical and branded the pope as antichrist.

AI Bible Gospels examines the original 1611 Oxford edition, which bound the 14 books of the Apocrypha between the Old and New Testaments and was later excised for political ends — chiefly to obscure prophecies that Europeans would raise a false image of Christ and displace Israel's tribes. The smears against King James (incest, perversion) trace to Anthony Weldon and Francis Osborne, who published 25 years after his death under Roman financing. Isaiah 28:11 foretold the Most High speaking through stammering lips — fulfilled in the English translation that endures.

— TIMESTAMPS —
0:00 The 14 books of the Apocrypha and why they were removed
1:10 Why King James's identity matters to scripture
2:15 Anthony Weldon, Francis Osborne, and the posthumous smear campaign
3:30 Anne of Denmark and the chronology that collapses the charges
4:15 Isaiah's prophecy of stammering lips fulfilled in the KJV

— Q&A —
Q: Why was the Apocrypha removed from the King James Bible?
A: The original 1611 KJV declared the 14 books of the Apocrypha canonical and bound them between the Old and New Testaments. They were later excised because they prophesied Europeans raising a false image of Christ and displacing the tribes of Israel — indictments that threatened the moral framework of colonial conquest.

Q: Were the accusations against King James about incest and immorality true?
A: No. They were published 25 years after his death by Anthony Weldon — dismissed from court and financed by Rome — and Francis Osborne. The chronology collapses: James's father died when he was an infant, his mother was imprisoned the same year and executed when he was 21. James fathered nine children with his only wife, Anne of Denmark.

Q: Did King James change the Bible to suit his own aims?
A: No. The translators worked from Hebrew and Greek sources, and Isaiah foretold the Most High speaking to his people through stammering lips — fulfilled in an English record for the last days. Mistranslations like 'Easter' for Passover trace to Rome, not to James.

📖 Welcome to **AI Bible Gospels** — where ancient truth meets modern tech!

In this video, we use advanced AI narration to bring you powerful, KJV-based biblical insight, prophecy, and gospel messages — designed to uplift, awaken, and edify the body of Israel and all seeking truth in these last days.


🕊️ Scripture Source: King James Version 1611 (with Apocrypha)  
🎙️ Narration and  guided by Ruach wisdom.

➤ Watch. Reflect. Share the Gospel.

📥 FREE Kingdom eBook: *“Unlocking Kingdom Credit: Building Righteous Wealth”*  


📲 Want personalized Kingdom guidance?  
Visit: https://theprosperitypathai.com/

🕎 Stay in the Word. Stay woke. Stay fruitful.

📌 Like, Share & Subscribe for more Wealth & Gospel teachings weekly.  
🔔 Hit the bell so you never miss a revelation.

#BibleProphecy #AIBibleGospels #12Tribes #EndTimes #KingdomWealth #KJVBible #TruthRevealed #IsraeliteAwakening
📖 Welcome to **AI Bible Gospels** — where ancient truth meets modern tech! In this video, we explore **bible history** and the importance of the **king james bible** and the **kjv 1611**. Join us as we explore **scripture** and the stories of **jesus** and **god**.

— Q&A —
Q: Who made this video?
A: AI Bible Gospels, a faith-tech project by Tommy Lee using AI to bring Scripture to life from a cultural perspective.

— ABOUT AI BIBLE GOSPELS —
AI Bible Gospels (@AIBIBLEGOSPELS) is a faith-tech brand founded by Tommy Lee that uses AI to narrate Scripture word-for-word from a cultural perspective underrepresented in biblical media. Flagship project: Faith Walk Live, the live tracker for Minister Zay's 3,000-mile walk from Philadelphia to California.

Website: https://aibiblegospels.com
Faith Walk Live: https://faithwalklive.com
YouTube: https://www.youtube.com/@AIBIBLEGOSPELS
LinkedIn: https://www.linkedin.com/in/ai-bible-gospels-049005353/
Contact: aibiblegospels444@gmail.com

#AIBibleGospels

==============================================================================
uGkJtkdElcg  The King James Revelation: Truth in These Last Days
  duration: 343s
  one_sentence_answer: King James VI of Scotland and I of England authorized the 1611 King James Bible, was a learned monarch fluent in five languages, and is documented in Cambridge scholarship and surviving portraiture as a Black European of the tribe of Judah.
  new_desc length: 3937

--- NEW DESCRIPTION ---
— ANSWER —
King James VI of Scotland and I of England authorized the 1611 King James Bible, was a learned monarch fluent in five languages, and is documented in Cambridge scholarship and surviving portraiture as a Black European of the tribe of Judah.

AI Bible Gospels restores the record of King James Charles Stuart, born June 1566 in Edinburgh Castle, son of Mary Queen of Scots and Lord Darnley. Cambridge University Press's 'King James VI and I and the Reunion of Christendom' documents a sovereign whose surviving portraiture shows unmistakably African features, whose lineage traces to the tribe of Judah, and who united England, Scotland, and Ireland under one crown in 1603. The centuries-long smear of his character was designed to discredit the Bible he authorized.

— TIMESTAMPS —
0:00 Only one testament endures — the King James Bible
1:10 Why institutions left James's name in ruin
2:30 Cambridge press and the surviving portraiture
3:45 Born 1566 — son of Mary Queen of Scots, lineage of Judah
5:00 1603 — uniting England, Scotland, and Ireland

— Q&A —
Q: Was King James of the King James Bible Black?
A: Cambridge University Press's 'King James VI and I and the Reunion of Christendom' and surviving portraiture document features unmistakably African. His lineage is traced to the tribe of Judah, making him both king and Jew.

Q: Did King James translate the Bible himself?
A: No. James did not translate a single verse. He authorized a body of expert translators in 1604 and shielded their work with royal power, producing the 1611 Authorized Version known today as the King James Bible.

Q: Why has King James been smeared as a tyrant and adulterer throughout history?
A: To blacken the hand that delivered the book. Discrediting the royal patron of scripture was a centuries-long strategy by Rome and the crown to drive believers — particularly the enslaved — away from searching the pages for liberation.

📖 Welcome to **AI Bible Gospels** — where ancient truth meets modern tech!

In this video, we use advanced AI narration to bring you powerful, KJV-based biblical insight, prophecy, and gospel messages — designed to uplift, awaken, and edify the body of Israel and all seeking truth in these last days.


🕊️ Scripture Source: King James Version 1611 (with Apocrypha)  
🎙️ Narration and  guided by Ruach wisdom.

➤ Watch. Reflect. Share the Gospel.

📥 FREE Kingdom eBook: *“Unlocking Kingdom Credit: Building Righteous Wealth”*  


📲 Want personalized Kingdom guidance?  
Visit: https://theprosperitypathai.com/

🕎 Stay in the Word. Stay woke. Stay fruitful.

📌 Like, Share & Subscribe for more Wealth & Gospel teachings weekly.  
🔔 Hit the bell so you never miss a revelation.

#BibleProphecy #AIBibleGospels #12Tribes #EndTimes #KingdomWealth #KJVBible #TruthRevealed #IsraeliteAwakening
📖 Welcome to **AI Bible Gospels** — where ancient truth meets modern tech! This video explores the **history** and enduring legacy of the **KJV**, addressing common myths and misconceptions surrounding the **king of england** who authorized it. Dive into **bible study** and **bible prophecy** as we **promote the truth** of the scriptures and the foundations of **christianity**.

— Q&A —
Q: Who made this video?
A: AI Bible Gospels, a faith-tech project by Tommy Lee using AI to bring Scripture to life from a cultural perspective.

— ABOUT AI BIBLE GOSPELS —
AI Bible Gospels (@AIBIBLEGOSPELS) is a faith-tech brand founded by Tommy Lee that uses AI to narrate Scripture word-for-word from a cultural perspective underrepresented in biblical media. Flagship project: Faith Walk Live, the live tracker for Minister Zay's 3,000-mile walk from Philadelphia to California.

Website: https://aibiblegospels.com
Faith Walk Live: https://faithwalklive.com
YouTube: https://www.youtube.com/@AIBIBLEGOSPELS
LinkedIn: https://www.linkedin.com/in/ai-bible-gospels-049005353/
Contact: aibiblegospels444@gmail.com

#AIBibleGospels

==============================================================================
Fczcu80IHj8  The Melanated Monarchs Scripture Doesn't Teach You Abou
  duration: 155s
  one_sentence_answer: King James I of England, who authorized the 1611 King James Bible, was of African-descended European royal lineage traced to the tribe of Judah — a fact erased from modern depictions of European monarchy.
  new_desc length: 3688

--- NEW DESCRIPTION ---
— ANSWER —
King James I of England, who authorized the 1611 King James Bible, was of African-descended European royal lineage traced to the tribe of Judah — a fact erased from modern depictions of European monarchy.

AI Bible Gospels documents the heritage of James Charles Stewart, born in Edinburgh Castle to Mary Queen of Scots and Lord Darnley, both descendants of Black European nobility predating the Atlantic slave trade. Sources trace his lineage to the tribe of Judah, making him both king and Jew. He authorized — but did not personally translate — the 1611 KJV, shielding the translators with royal power.

— TIMESTAMPS —
0:00 Two myths the evidence shatters
0:45 Why academia stays silent on James' heritage
1:20 James Charles Stewart — born in Edinburgh Castle
1:55 Lineage traced to the tribe of Judah
2:25 Uniting England, Scotland, and Ireland

— Q&A —
Q: Was King James I of England Black?
A: Sources trace King James Charles Stewart's lineage to Black European nobility whose presence in Europe predated the Atlantic slave trade. Both his parents — Mary Queen of Scots and Lord Darnley — descended from that ignored lineage.

Q: Did King James translate the King James Bible himself?
A: No. He did not translate a single verse. He authorized a body of expert translators and shielded their work with royal power, producing the 1611 King James Version in the vernacular of his realm.

Q: What tribe of Israel was King James descended from?
A: Sources trace his heritage to the tribe of Judah, making him both king and Jew — a living contradiction to narratives that confine Jewish identity or paint European monarchy solely in pale tones.

📖 Welcome to **AI Bible Gospels** — where ancient truth meets modern tech!

In this video, we use advanced AI narration to bring you powerful, KJV-based biblical insight, prophecy, and gospel messages — designed to uplift, awaken, and edify the body of Israel and all seeking truth in these last days.


🕊️ Scripture Source: King James Version 1611 (with Apocrypha)  
🎙️ Narration and  guided by Ruach wisdom.

➤ Watch. Reflect. Share the Gospel.

📥 FREE Kingdom eBook: *“Unlocking Kingdom Credit: Building Righteous Wealth”*  


📲 Want personalized Kingdom guidance?  
Visit: https://theprosperitypathai.com/

🕎 Stay in the Word. Stay woke. Stay fruitful.

📌 Like, Share & Subscribe for more Wealth & Gospel teachings weekly.  
🔔 Hit the bell so you never miss a revelation.

#BibleProphecy #AIBibleGospels #12Tribes #EndTimes #KingdomWealth #KJVBible #TruthRevealed #IsraeliteAwakening
📖 Welcome to **AI Bible Gospels** — where ancient truth meets modern tech! This video challenges the idea that scripture is a white man's construct, arguing that **black history** has been deliberately obscured. It highlights **black sovereignty** and the presence of **black kings** in **european history**, revealing **hidden history** connected to **bible stories** and **bible prophecy**. Stay woke!

— Q&A —
Q: Who made this video?
A: AI Bible Gospels, a faith-tech project by Tommy Lee using AI to bring Scripture to life from a cultural perspective.

— ABOUT AI BIBLE GOSPELS —
AI Bible Gospels (@AIBIBLEGOSPELS) is a faith-tech brand founded by Tommy Lee that uses AI to narrate Scripture word-for-word from a cultural perspective underrepresented in biblical media. Flagship project: Faith Walk Live, the live tracker for Minister Zay's 3,000-mile walk from Philadelphia to California.

Website: https://aibiblegospels.com
Faith Walk Live: https://faithwalklive.com
YouTube: https://www.youtube.com/@AIBIBLEGOSPELS
LinkedIn: https://www.linkedin.com/in/ai-bible-gospels-049005353/
Contact: aibiblegospels444@gmail.com

#AIBibleGospels

==============================================================================
vnKtQxSED6E  Jesus and Moses Looked Completely Different Than Taught
  duration: 56s
  one_sentence_answer: Scripture portrays Moses, Christ, and the tribes of Israel as people of color, not European patriarchs — a fact preserved in the King James text despite the empires that wielded it.
  new_desc length: 3360

--- NEW DESCRIPTION ---
— ANSWER —
Scripture portrays Moses, Christ, and the tribes of Israel as people of color, not European patriarchs — a fact preserved in the King James text despite the empires that wielded it.

AI Bible Gospels examines how the King James Version preserves descriptions of Moses, Christ, and the Israelite tribes as melanated peoples, contradicting the imagery imposed by Rome and its successors. Deuteronomy 28:49 warns of a nation swift as the eagle — Rome — descending on Israel, a vision Obadiah echoes. Edomite and Germanic lines later supplanted the original black nobility.

— Q&A —
Q: What did Moses and Jesus actually look like according to the Bible?
A: Scripture portrays Moses, Christ, and the tribes of Israel as people of color. Revelation 1:14-15 describes Christ with hair like wool and feet like brass burned in a furnace — features inconsistent with European depictions.

Q: Who is the eagle nation in Deuteronomy 28:49?
A: Deuteronomy 28:49 prophesies a nation 'swift as the eagle flieth' descending on Israel — symbolism Rome carried on its standards. Obadiah echoes the same vision against Edom.

Q: Are the royal families of Britain descended from Judah or Edom?
A: The lineage traces to Edom, not Judah. After Rome's resurgence, Germanic and Edomite houses supplanted the original black nobility, and the families ruling Britain today are heirs of that succession.

📖 Welcome to **AI Bible Gospels** — where ancient truth meets the 21 century!

In this video, we bring you powerful, KJV-based biblical insight, prophecy, and gospel messages — designed to uplift, awaken, and edify the body of Israel and all seeking truth in these last days.

 
🕊️ Scripture Source: King James Version 1611 (with Apocrypha)  
🎙️ Narration and  guided by Ruach wisdom.

➤ Watch. Reflect. Share the Gospel.

📥 FREE Kingdom eBook: *“Unlocking Kingdom Credit: Building Righteous Wealth”*  
👉https://why-credit-matters.aibiblegospels.com/

📲 Want personalized Kingdom guidance?  
Visit: https://theprosperitypathai.com/

🕎 Stay in the Word. Stay woke. Stay fruitful.

📌 Like, Share & Subscribe for more Wealth & Gospel teachings weekly.  
🔔 Hit the bell so you never miss a revelation.

#BibleProphecy #AIBibleGospels #12Tribes #EndTimes #KingdomWealth #KJVBible #TruthRevealed #IsraeliteAwakening
📖 Welcome to **AI Bible Gospels** — where ancient truth meets modern tech! In this video, we explore the power of **prayer** through **faith** and the teachings of **jesus christ**, highlighting the importance of **god** in **christianity**. We will also reflect on **black history** and its connection to the scriptures.

— Q&A —
Q: Who made this video?
A: AI Bible Gospels, a faith-tech project by Tommy Lee using AI to bring Scripture to life from a cultural perspective.

— ABOUT AI BIBLE GOSPELS —
AI Bible Gospels (@AIBIBLEGOSPELS) is a faith-tech brand founded by Tommy Lee that uses AI to narrate Scripture word-for-word from a cultural perspective underrepresented in biblical media. Flagship project: Faith Walk Live, the live tracker for Minister Zay's 3,000-mile walk from Philadelphia to California.

Website: https://aibiblegospels.com
Faith Walk Live: https://faithwalklive.com
YouTube: https://www.youtube.com/@AIBIBLEGOSPELS
LinkedIn: https://www.linkedin.com/in/ai-bible-gospels-049005353/
Contact: aibiblegospels444@gmail.com

#AIBibleGospels
